// Jest Snapshot v1, https://goo.gl/fbAQLP

exports[`ArticleListItem tests renders correctly 1`] = `
<div>
  <div
    class="container"
  >
    <article
      class="article"
    >
      <div
        class="wrapper"
      >
        <div
          class="image_container"
        >
          <img
            alt="hey"
            class="image"
            src="aaa"
          />
        </div>
        <h2
          class="title"
        >
          hey
        </h2>
      </div>
      <div
        class="button"
      >
        <button
          class="button"
        >
          Show more
        </button>
      </div>
    </article>
  </div>
</div>
`;
